// Jest Snapshot v1, https://goo.gl/fbAQLP

exports[`toMatchPdfSnapshot should fail when a new snapshot is added in ci 1`] = `
"New snapshot was [1m[31mnot written[39m[22m. The update flag must be explicitly passed to write a new snapshot.

 + This is likely because this test is run in a continuous integration (CI) environment in which snapshots are not written by default."
`;

exports[`toMatchPdfSnapshot should fail when the acutual has a difference from the snapshot 1`] = `
"Expected pdf to be same as the snapshot, but was different.
[1m[31mSee diff for details:[39m[22m [31mpath/to/result.png[39m"
`;

exports[`toMatchPdfSnapshot should throw an error if used with .not matcher 1`] = `"Jest: \`.not\` cannot be used with \`.toMatchPdfSnapshot()\`."`;

exports[`toMatchPdfSnapshot should thrown an error when diff-pdf is not available 1`] = `"Jest: diff-pdf is not available. Install diff-pdf from https://github.com/vslavik/diff-pdf"`;
